{
  "abbate": [{
    "type": "rounds for time",
    "rounds": 1,
    "tasks": [{
      "type": "run",
      "distance": 1,
      "units": "miles"
    }, {
      "type": "clean and jerk",
      "reps": 21,
      "weight": 155,
      "units": "pounds"
    }, {
      "type": "run",
      "distance": 800,
      "units": "meters"
    }, {
      "type": "clean and jerk",
      "reps": 21,
      "weight": 155,
      "units": "pounds"
    }, {
      "type": "run",
      "distance": 1,
      "units": "miles"
    }]
  }],
  "adambrown": [{
    "type": "rounds for time",
    "rounds": 2,
    "tasks": [{
      "type": "deadlift",
      "reps": 24,
      "weight": 295,
      "units": "pounds"
    }, {
      "type": "box jump",
      "reps": 24,
      "height": 24,
      "units": "inches"
    }, {
      "type": "wallball shot",
      "reps": 24,
      "weight": 20,
      "units": "pounds"
    }, {
      "type": "bench press",
      "reps": 24,
      "weight": 195,
      "units": "pounds"
    }, {
      "type": "box jump",
      "reps": 24,
      "height": 24,
      "units": "inches"
    }, {
      "type": "wallball shot",
      "reps": 24,
      "weight": 20,
      "units": "pounds"
    }, {
      "type": "clean",
      "reps": 24,
      "weight": 145,
      "units": "pounds"
    }]
  }],
  "adrian": [{
    "type": "rounds for time",
    "rounds": 7,
    "tasks": [{
      "type": "forward roll",
      "reps": 3
    }, {
      "type": "wall climb",
      "reps": 5
    }, {
      "type": "toes to bar",
      "reps": 7
    }, {
      "type": "box jump",
      "reps": 9,
      "height": 30,
      "units": "inches"
    }]
  }],
  "arnie": [{
    "type": "rounds for time",
    "rounds": 1,
    "tasks": [{
      "type": "turkish get-up",
      "reps": 21,
      "arm": "right",
      "weight": 2,
      "units": "pood"
    }, {
      "type": "kettlebell swing",
      "reps": 50,
      "weight": 2,
      "units": "pood"
    }, {
      "type": "kettlebell overhead squat",
      "reps": 21,
      "arm": "left",
      "weight": 2,
      "units": "pood"
    }, {
      "type": "kettlebell swing",
      "reps": 50,
      "weight": 2,
      "units": "pood"
    }, {
      "type": "kettlebell overhead squat",
      "reps": 21,
      "arm": "right",
      "weight": 2,
      "units": "pood"
    }, {
      "type": "kettlebell swing",
      "reps": 50,
      "weight": 2,
      "units": "pood"
    }, {
      "type": "turkish get-up",
      "reps": 21,
      "arm": "left",
      "weight": 2,
      "units": "pood"
    }]
  }],
  "badger": [{
    "type": "rounds for time",
    "rounds": 3,
    "tasks": [{
      "type": "squat clean",
      "reps": 30,
      "weight": 95,
      "units": "pounds"
    }, {
      "type": "pull-up",
      "reps": 30
    }, {
      "type": "run",
      "distance": 800,
      "units": "meters"
    }]
  }],
  "blake": [{
    "type": "rounds for time",
    "rounds": 4,
    "tasks": [{
      "type": "walking lunge",
      "weight": {
        "value": 45,
        "units": "pounds"
      },
      "distance": {
        "value": 100,
        "units": "feet"
      }
    }, {
      "type": "box jump",
      "reps": 30,
      "height": 24,
      "units": "inches"
    }, {
      "type": "wallball shot",
      "reps": 20,
      "weight": 20,
      "units": "pounds"
    }, {
      "type": "handstand push-up",
      "reps": 10
    }]
  }],
  "bradley": [{
    "type": "rounds for time",
    "rounds": 10,
    "tasks": [{
      "type": "run",
      "distance": 100,
      "units": "meters"
    }, {
      "type": "pull-up",
      "reps": 10
    }, {
      "type": "run",
      "distance": 100,
      "units": "meters"
    }, {
      "type": "burpee",
      "reps": 10
    }, {
      "type": "rest",
      "duration": 30,
      "units": "seconds"
    }]
  }],
  "bradshaw": [{
    "type": "rounds for time",
    "rounds": 10,
    "tasks": [{
      "type": "handstand push-up",
      "reps": 3
    }, {
      "type": "deadlift",
      "reps": 6,
      "weight": 225,
      "units": "pounds"
    }, {
      "type": "pull-up",
      "reps": 12
    }, {
      "type": "double-under",
      "reps": 24
    }]
  }],
  "brenton": [{
    "type": "rounds for time",
    "rounds": 5,
    "tasks": [{
      "type": "bear crawl",
      "distance": 100,
      "units": "feet"
    }, {
      "type": "standing broad-jump",
      "distance": 100,
      "units": "feet",
      "note": "do 3 burpees after every five broad-jumps."
    }, {

    }],
    "wear": [{
      "type": "vest",
      "weight": 20,
      "units": "pounds"
    }]
  }],
  "brian": [{
    "type": "rounds for time",
    "rounds": 3,
    "tasks": [{
      "type": "rope climb",
      "height": 15,
      "units": "feet",
      "reps": 5
    }, {
      "type": "back squat",
      "weight": 185,
      "units": "pounds",
      "reps": 25
    }]
  }],
  "bulger": [{
    "type": "rounds for time",
    "rounds": 10,
    "tasks": [{
      "type": "run",
      "distance": 150,
      "units": "meters"
    }, {
      "type": "chest to bar pull-up",
      "reps": 7
    }, {
      "type": "front squat",
      "reps": 7,
      "weight": 135,
      "units": "pounds"
    }, {
      "type": "handstand push-up",
      "reps": 7
    }]
  }],
  "bull": [{
    "type": "rounds for time",
    "rounds": 2,
    "tasks": [{
      "type": "double-under",
      "reps": 200
    }, {
      "type": "overhead squat",
      "reps": 50,
      "weight": 135,
      "units": "pounds"
    }, {
      "type": "pull-up",
      "reps": 50
    }, {
      "type": "run",
      "distance": 1,
      "units": "miles"
    }]
  }],
  "carse": [{
    "type": "reps for time",
    "reps": [21, 18, 15, 12, 9, 6, 3],
    "tasks": [{
      "type": "bear crawl",
      "distance": 50,
      "units": "meters"
    }, {
      "type": "squat clean",
      "weight": 95,
      "units": "pounds"
    }, {
      "type": "double-under"
    }, {
      "type": "deadlift",
      "weight": 185,
      "units": "pounds"
    }, {
      "type": "box jump",
      "height": 24,
      "units": "inches"
    }]
  }],
  "coe": [{
    "type": "rounds for time",
    "rounds": 10,
    "tasks": [{
      "type": "thruster",
      "weight": 95,
      "units": "pounds",
      "reps": 10
    }, {
      "reps": 10,
      "type": "ring push-up"
    }]
  }],
  "collin": [{
    "type": "rounds for time",
    "rounds": 6,
    "tasks": [{
      "type": "sandbag carry",
      "distance": {
        "value": 400,
        "units": "meters"
      },
      "weight": {
        "value": 50,
        "units": "pounds"
      }
    }, {
      "type": "push press",
      "weight": 115,
      "units": "pounds",
      "reps": 12
    }, {
      "type": "box jump",
      "height": 24,
      "units": "inches",
      "reps": 12
    }, {
      "type": "sumo deadlift high-pull",
      "weight": 95,
      "units": "pounds",
      "reps": 12
    }]
  }],
  "daehan": [{
    "type": "rounds for time",
    "rounds": 3,
    "tasks": [{
      "type": "run with barbell",
      "distance": {
        "value": 800,
        "units": "meters"
      },
      "weight": {
        "value": 45,
        "units": "pounds"
      }
    }, {
      "type": "rope climb",
      "reps": 3,
      "height": 15,
      "units": "feet"
    }, {
      "type": "thruster",
      "weight": 135,
      "units": "pounds",
      "reps": 12
    }]
  }],
  "daniel": [{
    "type": "rounds for time",
    "rounds": 1,
    "tasks": [{
      "type": "pull-up",
      "reps": 50
    }, {
      "type": "run",
      "distance": 400,
      "units": "meters"
    }, {
      "type": "thruster",
      "weight": 95,
      "units": "pounds",
      "reps": 21
    }, {
      "type": "run",
      "distance": 800,
      "units": "meters"
    }, {
      "type": "thruster",
      "weight": 95,
      "units": "pounds",
      "reps": 21
    }, {
      "type": "run",
      "distance": 400,
      "units": "meters"
    }, {
      "type": "pull-up",
      "reps": 50
    }]
  }],
  "danny": [{
    "type": "amrap",
    "duration": 20,
    "units": "minutes",
    "tasks": [{
      "type": "box jump",
      "height": 24,
      "units": "inches",
      "reps": 30
    }, {
      "type": "push press",
      "weight": 115,
      "units": "pounds",
      "reps": 20
    }, {
      "type": "pull-up",
      "reps": 30
    }]
  }],
  "del": [{
    "type": "rounds for time",
    "rounds": 1,
    "tasks": [{
      "reps": 25,
      "type": "burpee"
    }, {
      "type": "run with medicine ball",
      "distance": {
        "value": 400,
        "units": "meters"
      },
      "weight": {
        "value": 20,
        "units": "pounds"
      }
    }, {
      "type": "weighted pull-up",
      "weight": 20,
      "units": "pounds",
      "reps": 25
    }, {
      "type": "run with medicine ball",
      "distance": {
        "value": 400,
        "units": "meters"
      },
      "weight": {
        "value": 20,
        "units": "pounds"
      }
    }, {
      "type": "handstand push-up",
      "reps": 25
    }, {
      "type": "run with medicine ball",
      "distance": {
        "value": 400,
        "units": "meters"
      },
      "weight": {
        "value": 20,
        "units": "pounds"
      }
    }, {
      "reps": 25,
      "type": "chest-to-bar pull-up"
    }, {
      "type": "run with medicine ball",
      "distance": {
        "value": 400,
        "units": "meters"
      },
      "weight": {
        "value": 20,
        "units": "pounds"
      }
    }, {
      "reps": 25,
      "type": "burpee"
    }]
  }],
  "michael": [{
    "type": "rounds for time",
    "rounds": 3,
    "tasks": [{
      "type": "run",
      "distance": 800,
      "units": "meters"
    }, {
      "type": "back extension",
      "reps": 50
    }, {
      "type": "sit-up",
      "reps": 50
    }]
  }],
  "murph": [{
    "type": "rounds for time",
    "rounds": 1,
    "tasks": [{
      "type": "run",
      "distance": 1,
      "units": "miles"
    }, {
      "type": "pull-up",
      "reps": 100
    }, {
      "type": "push-up",
      "reps": 200
    }, {
      "type": "squat",
      "reps": 300
    }, {
      "type": "run",
      "distance": 1,
      "units": "miles"
    }]
  }],
  "nate": [{
    "type": "amrap",
    "duration": 20,
    "units": "minutes",
    "tasks": [{
      "reps": 2,
      "type": "muscle-up"
    }, {
      "type": "handstand push-up",
      "reps": 4
    }, {
      "type": "kettlebell swing",
      "weight": 2,
      "units": "pood"
    }]
  }],
  "nick": [{
    "type": "rounds for time",
    "rounds": 12,
    "tasks": [{
      "type": "dumbbell hang squat clean",
      "weight": 45,
      "units": "pounds",
      "reps": 10
    }, {
      "reps": 6,
      "type": "handstand push-up on dumbbell"
    }]
  }],
  "nutts": [{
    "type": "rounds for time",
    "rounds": 1,
    "tasks": [{
      "type": "handstand push-up",
      "reps": 10
    }, {
      "type": "deadlift",
      "weight": 250,
      "units": "pounds",
      "reps": 15
    }, {
      "type": "box jump",
      "height": 30,
      "units": "inches",
      "reps": 25
    }, {
      "type": "pull-up",
      "reps": 50
    }, {
      "type": "wallball shot",
      "reps": 100,
      "weight": {
        "value": 20,
        "units": "pounds"
      },
      "height": {
        "value": 10,
        "units": "feet"
      }
    }, {
      "type": "double-under",
      "reps": 200
    }, {
      "type": "run",
      "distance": 400,
      "units": "meters"
    }]
  }],
  "paul": [{
    "type": "rounds for time",
    "rounds": 5,
    "tasks": [{
      "type": "double-under",
      "reps": 50
    }, {
      "reps": 35,
      "type": "knees to elbow"
    }, {
      "type": "overhead walk",
      "weight": 185,
      "units": "pounds"
    }]
  }],
  "pheezy": [{
    "type": "rounds for time",
    "rounds": 3,
    "tasks": [{
      "type": "front squat",
      "weight": 165,
      "units": "pounds",
      "reps": 5
    }, {
      "type": "pull-up",
      "reps": 18
    }, {
      "type": "deadlift",
      "weight": 225,
      "units": "pounds",
      "reps": 5
    }, {
      "reps": 18,
      "type": "toes to bar"
    }, {
      "type": "push jerk",
      "weight": 165,
      "units": "pounds",
      "reps": 5
    }, {
      "reps": 18,
      "type": "hand release push-up"
    }]
  }],
  "rahoi": [{
    "type": "amrap",
    "duration": 12,
    "units": "minutes",
    "tasks": [{
      "type": "box jump",
      "height": 24,
      "units": "inches"
    }, {
      "type": "thruster",
      "weight": 95,
      "units": "pounds",
      "reps": 6
    }, {
      "reps": 6,
      "type": "bar facing burpee"
    }]
  }],
  "ralph": [{
    "type": "rounds for time",
    "rounds": 4,
    "tasks": [{
      "type": "deadlift",
      "weight": 250,
      "units": "pounds",
      "reps": 8
    }, {
      "reps": 16,
      "type": "burpee"
    }, {
      "type": "rope climb",
      "reps": 3,
      "height": 15,
      "units": "feet"
    }, {
      "type": "run",
      "distance": 600,
      "units": "meters"
    }]
  }],
  "randy": [{
    "type": "rounds for time",
    "rounds": 1,
    "tasks": [{
      "type": "power snatch",
      "weight": 75,
      "units": "pounds",
      "reps": 75
    }]
  }],
  "rankel": [{
    "type": "amrap",
    "duration": 20,
    "units": "minutes",
    "tasks": [{
      "type": "deadlift",
      "weight": 225,
      "units": "pounds",
      "reps": 6
    }, {
      "reps": 7,
      "type": "burpee pull-up"
    }, {
      "type": "kettlebell swing",
      "reps": 10,
      "weight": 2,
      "units": "pood"
    }, {
      "type": "run",
      "distance": 200,
      "units": "meters"
    }]
  }],
  "clovis": [{
    "type": "rounds for time",
    "rounds": 1,
    "tasks": [{
      "type": "run",
      "distance": 10,
      "units": "miles"
    }, {
      "reps": 150,
      "type": "burpee pull-up"
    }],
    "notes": ["Partition the run and burpee pull-ups as needed."]
  }],
  "desforges": [{
    "type": "rounds for time",
    "rounds": 5,
    "tasks": [{
      "type": "deadlift",
      "weight": 225,
      "units": "pounds",
      "reps": 12
    }, {
      "type": "pull-up",
      "reps": 20
    }, {
      "type": "clean and jerk",
      "weight": 135,
      "units": "pounds",
      "reps": 12
    }, {
      "reps": 20,
      "type": "knees to elbow"
    }]
  }],
  "dt": [{
    "type": "rounds for time",
    "rounds": 5,
    "tasks": [{
      "type": "deadlift",
      "weight": 155,
      "units": "pounds",
      "reps": 12
    }, {
      "type": "hang power clean",
      "weight": 155,
      "units": "pounds",
      "reps": 9
    }, {
      "type": "push jerk",
      "weight": 155,
      "units": "pounds",
      "reps": 6
    }]
  }],
  "erin": [{
    "type": "rounds for time",
    "rounds": 5,
    "tasks": [{
      "type": "dumbbells split clean",
      "weight": 40,
      "units": "pounds",
      "reps": 15
    }, {
      "type": "pull-up",
      "reps": 21
    }]
  }],
  "forrest": [{
    "type": "rounds for time",
    "rounds": 3,
    "tasks": [{
      "reps": 20,
      "type": "l-pull-up"
    }, {
      "reps": 30,
      "type": "toes to bar"
    }, {
      "reps": 40,
      "type": "burpee"
    }, {
      "type": "run",
      "distance": 800,
      "units": "meters"
    }]
  }],
  "garrett": [{
    "type": "rounds for time",
    "rounds": 3,
    "tasks": [{
      "reps": 75,
      "type": "squat"
    }, {
      "reps": 25,
      "type": "ring handstand push-up"
    }, {
      "reps": 25,
      "type": "l-pull-up"
    }]
  }],
  "gator": [{
    "type": "rounds for time",
    "rounds": 8,
    "tasks": [{
      "type": "front squat",
      "weight": 185,
      "units": "pounds",
      "reps": 5
    }, {
      "reps": 26,
      "type": "ring push-up"
    }]
  }],
  "glen": [{
    "type": "rounds for time",
    "rounds": 1,
    "tasks": [{
      "type": "clean and jerk",
      "weight": 135,
      "units": "pounds",
      "reps": 30
    }, {
      "type": "run",
      "distance": 1,
      "units": "miles"
    }, {
      "type": "rope climb",
      "reps": 10,
      "height": 15,
      "units": "feet"
    }, {
      "type": "run",
      "distance": 1,
      "units": "miles"
    }, {
      "reps": 100,
      "type": "burpee"
    }]
  }],
  "griff": [{
    "type": "rounds for time",
    "rounds": 1,
    "tasks": [{
      "type": "run",
      "distance": 800,
      "units": "meters"
    }, {
      "type": "run backward",
      "distance": 400,
      "units": "meters"
    }, {
      "type": "run",
      "distance": 800,
      "units": "meters"
    }, {
      "type": "run backward",
      "distance": 400,
      "units": "meters"
    }]
  }],
  "hammer": [{
    "type": "rounds for time",
    "rounds": 5,
    "tasks": [{
      "type": "power clean",
      "weight": 135,
      "units": "pounds",
      "reps": 5
    }, {
      "type": "front squat",
      "weight": 135,
      "units": "pounds",
      "reps": 10
    }, {
      "type": "jerk",
      "weight": 135,
      "units": "pounds",
      "reps": 5
    }, {
      "type": "pull-up",
      "reps": 20
    }, {
      "type": "rest",
      "duration": 90,
      "units": "seconds"
    }]
  }],
  "hansen": [{
    "type": "rounds for time",
    "rounds": 5,
    "tasks": [{
      "type": "kettlebell swing",
      "weight": 2,
      "units": "pood"
    }, {
      "reps": 30,
      "type": "burpee"
    }, {
      "reps": 30,
      "type": "glute-ham sit-up"
    }]
  }],
  "helton": [{
    "type": "rounds for time",
    "rounds": 3,
    "tasks": [{
      "type": "run",
      "distance": 800,
      "units": "meters"
    }, {
      "type": "dumbbell squat clean",
      "weight": 50,
      "units": "pounds",
      "reps": 30
    }, {
      "reps": 30,
      "type": "burpee"
    }]
  }],
  "hidalgo": [{
    "type": "rounds for time",
    "rounds": 1,
    "tasks": [{
      "type": "run",
      "distance": 2,
      "units": "miles"
    }, {
      "type": "rest",
      "duration": 2,
      "units": "minutes"
    }, {
      "type": "squat clean",
      "weight": 135,
      "units": "pounds",
      "reps": 20
    }, {
      "type": "box jump",
      "height": 24,
      "units": "inches",
      "reps": 20
    }, {
      "reps": 20,
      "type": "walking lunge",
      "weight": 45,
      "units": "pounds"
    }, {
      "type": "box jump",
      "height": 24,
      "units": "inches",
      "reps": 20
    }, {
      "type": "squat clean",
      "weight": 135,
      "units": "pounds",
      "reps": 20
    }, {
      "type": "rest",
      "duration": 2,
      "units": "minutes"
    }, {
      "type": "run",
      "distance": 2,
      "units": "miles"
    }, {
      "type": "unknown",
      "desc": "If you've got a twenty pound vest or body armor, wear it."
    }]
  }],
  "holbrook": [{
    "type": "rounds for time",
    "rounds": 10,
    "tasks": [{
      "type": "thruster",
      "weight": 115,
      "units": "pounds",
      "reps": 5
    }, {
      "type": "pull-up",
      "reps": 10
    }, {
      "type": "run",
      "distance": 100,
      "units": "meters"
    }, {
      "type": "rest",
      "duration": 1,
      "units": "minutes"
    }]
  }],
  "holleyman": [{
    "type": "rounds for time",
    "rounds": 30,
    "tasks": [{
      "type": "wallball shot",
      "reps": 5,
      "weight": 20,
      "units": "pounds"
    }, {
      "type": "handstand push-up",
      "reps": 3
    }, {
      "type": "power clean",
      "weight": 225,
      "units": "pounds",
      "reps": 1
    }]
  }],
  "jj": [{
    "type": "rounds for time",
    "rounds": 1,
    "tasks": [{
      "type": "squat clean",
      "weight": 185,
      "units": "pounds",
      "reps": 1
    }, {
      "reps": 10,
      "type": "parallette handstand push-up"
    }, {

      "type": "squat clean",
      "weight": 185,
      "units": "pounds",
      "reps": 2
    }, {
      "reps": 9,
      "type": "parallette handstand push-up"
    }, {
      "type": "squat clean",
      "weight": 185,
      "units": "pounds",
      "reps": 3
    }, {
      "reps": 8,
      "type": "parallette handstand push-up"
    }, {
      "type": "squat clean",
      "weight": 185,
      "units": "pounds",
      "reps": 4
    }, {
      "reps": 7,
      "type": "parallette handstand push-up"
    }, {
      "type": "squat clean",
      "weight": 185,
      "units": "pounds",
      "reps": 5
    }, {
      "reps": 6,
      "type": "parallette handstand push-up"
    }, {
      "type": "squat clean",
      "weight": 185,
      "units": "pounds",
      "reps": 6
    }, {
      "reps": 5,
      "type": "parallette handstand push-up"
    }, {
      "type": "squat clean",
      "weight": 185,
      "units": "pounds",
      "reps": 7
    }, {
      "reps": 4,
      "type": "parallette handstand push-up"
    }, {
      "type": "squat clean",
      "weight": 185,
      "units": "pounds",
      "reps": 8
    }, {
      "reps": 3,
      "type": "parallette handstand push-up"
    }, {
      "type": "squat clean",
      "weight": 185,
      "units": "pounds",
      "reps": 9
    }, {
      "reps": 2,
      "type": "parallette handstand push-up"
    }, {
      "type": "squat clean",
      "weight": 185,
      "units": "pounds",
      "reps": 10
    }, {
      "reps": 1,
      "type": "parallette handstand push-up"
    }]
  }],
  "jack": [{
    "type": "amrap",
    "duration": 20,
    "units": "minutes",
    "tasks": [{
      "type": "push press",
      "weight": 115,
      "units": "pounds",
      "reps": 10
    }, {
      "type": "kettlebell swing",
      "reps": 10,
      "weight": 1.5,
      "units": "pood"
    }, {
      "type": "box jump",
      "height": 24,
      "units": "inches",
      "reps": 10
    }]
  }],
  "jag28": [{
    "type": "rounds for time",
    "rounds": 1,
    "tasks": [{
      "type": "run",
      "distance": 800,
      "units": "meters"
    }, {
      "type": "kettlebell swing",
      "reps": 28,
      "weight": 2,
      "units": "pood"
    }, {
      "reps": 28,
      "type": "strict pull-up"
    }, {
      "reps": 28,
      "type": "kettlebell clean and jerk",
      "weight": 2,
      "units": "pood"
    }, {
      "reps": 28,
      "type": "strict pull-up"
    }, {
      "type": "run",
      "distance": 800,
      "units": "meters"
    }]
  }],
  "jared": [{
    "type": "rounds for time",
    "rounds": 4,
    "tasks": [{
      "type": "run",
      "distance": 800,
      "units": "meters"
    }, {
      "type": "pull-up",
      "reps": 40
    }, {
      "reps": 70,
      "type": "push-up"
    }]
  }],
  "jason": [{
    "type": "rounds for time",
    "rounds": 1,
    "tasks": [{
      "reps": 100,
      "type": "squat"
    }, {
      "reps": 5,
      "type": "muscle-up"
    }, {
      "reps": 75,
      "type": "squat"
    }, {
      "reps": 10,
      "type": "muscle-up"
    }, {
      "reps": 50,
      "type": "squat"
    }, {
      "reps": 15,
      "type": "muscle-up"
    }, {
      "reps": 25,
      "type": "squat"
    }, {
      "reps": 20,
      "type": "muscle-up"
    }]
  }],
  "jerry": [{
    "type": "rounds for time",
    "rounds": 1,
    "tasks": [{
      "type": "run",
      "distance": 1,
      "units": "miles"
    }, {
      "type": "row",
      "distance": 2,
      "units": "kilometers"
    }, {
      "type": "run",
      "distance": 1,
      "units": "miles"
    }]
  }],
  "johnson": [{
    "type": "amrap",
    "duration": 20,
    "units": "minutes",
    "tasks": [{
      "type": "deadlift",
      "weight": 245,
      "units": "pounds",
      "reps": 9
    }, {
      "reps": 8,
      "type": "muscle-up"
    }, {
      "type": "squat clean",
      "weight": 155,
      "units": "pounds",
      "reps": 9
    }]
  }],
  "josh": [{
    "type": "rounds for time",
    "rounds": 1,
    "tasks": [{
      "type": "overhead squat",
      "weight": 95,
      "units": "pounds",
      "reps": 21
    }, {
      "type": "pull-up",
      "reps": 42
    }, {
      "type": "overhead squat",
      "weight": 95,
      "units": "pounds",
      "reps": 15
    }, {
      "type": "pull-up",
      "reps": 30
    }, {
      "type": "overhead squat",
      "weight": 95,
      "units": "pounds",
      "reps": 9
    }, {
      "type": "pull-up",
      "reps": 18
    }]
  }],
  "joshie": [{
    "type": "rounds for time",
    "rounds": 3,
    "tasks": [{
      "type": "dumbbell snatch",
      "weight": 40,
      "units": "pounds",
      "reps": 21,
      "arm": "right"
    }, {
      "reps": 21,
      "type": "l-pull-up"
    }, {
      "type": "dumbbell snatch",
      "weight": 40,
      "units": "pounds",
      "reps": 21,
      "arm": "left"
    }, {
      "reps": 21,
      "type": "l-pull-up"
    }]
  }],
  "jt": [{
    "type": "reps for time",
    "tasks": [{
      "type": "handstand push-up"
    }, {
      "type": "ring dip"
    }, {
      "type": "push-up"
    }],
    "reps": [21, 15, 9]
  }],
  "klepto": [{
    "type": "rounds for time",
    "rounds": 4,
    "tasks": [{
      "type": "box jump",
      "height": 24,
      "units": "inches",
      "reps": 27
    }, {
      "reps": 20,
      "type": "burpee"
    }, {
      "reps": 11,
      "type": "squat clean",
      "weight": 145,
      "units": "pounds"
    }]
  }],
  "ledesma": [{
    "type": "amrap",
    "duration": 20,
    "units": "minutes",
    "tasks": [{
      "reps": 5,
      "type": "parallette handstand push-up"
    }, {
      "reps": 10,
      "type": "toes through ring"
    }, {
      "type": "medicine ball cleans",
      "weight": 20,
      "units": "pounds",
      "reps": 15
    }]
  }],
  "loredo": [{
    "type": "rounds for time",
    "rounds": 6,
    "tasks": [{
      "reps": 24,
      "type": "squat"
    }, {
      "reps": 24,
      "type": "push-up"
    }, {
      "type": "walking lunge",
      "reps": 24
    }, {
      "type": "run",
      "distance": 400,
      "units": "meters"
    }]
  }],
  "luce": [{
    "type": "rounds for time",
    "rounds": 3,
    "tasks": [{
      "type": "run",
      "distance": 1,
      "units": "kilometers"
    }, {
      "reps": 10,
      "type": "muscle-up"
    }, {
      "reps": 100,
      "type": "squat"
    }],
    "wear": [{
      "type": "vest",
      "weight": 20,
      "units": "pounds"
    }]
  }]
}
